// Jest Snapshot v1, https://goo.gl/fbAQLP

exports[`<SubscribeButton /> testing subscribe button snapshot 1`] = `
<div>
  <button
    class="button"
  >
    Subscribe
  </button>
</div>
`;
