// Jest Snapshot v1, https://goo.gl/fbAQLP

exports[`<ValidationErrorsList /> snapshot 1`] = `
<div>
  
</div>
`;
