// Jest Snapshot v1, https://goo.gl/fbAQLP

exports[`<CommunityDetails/> snapshot 1`] = `
<div>
  <div
    class="community-details"
  >
    <div
      class="community-details-header"
    >
      <h3
        class="community-details-title"
      >
        Community Details 
      </h3>
      <a
        href="/mod-tools/121d2"
      >
        <button
          class="button post-info-button"
        >
          <svg
            aria-hidden="true"
            class="svg-inline--fa fa-shield-alt fa-w-16 "
            data-icon="shield-alt"
            data-prefix="fas"
            focusable="false"
            role="img"
            viewBox="0 0 512 512"
            xmlns="http://www.w3.org/2000/svg"
          >
            <path
              d="M466.5 83.7l-192-80a48.15 48.15 0 0 0-36.9 0l-192 80C27.7 91.1 16 108.6 16 128c0 198.5 114.5 335.7 221.5 380.3 11.8 4.9 25.1 4.9 36.9 0C360.1 472.6 496 349.3 496 128c0-19.4-11.7-36.9-29.5-44.3zM256.1 446.3l-.1-381 175.9 73.3c-3.3 151.4-82.1 261.1-175.8 307.7z"
              fill="currentColor"
            />
          </svg>
          <span>
            Mod Tools
          </span>
        </button>
      </a>
    </div>
    <div
      class="community-banner"
    >
      <div
        class="community-logo"
      >
        <img
          alt="test"
          data-testid="community-logo"
          src="http://localhost:8080/images/jest"
        />
      </div>
    </div>
    <h1
      class="community-name"
    >
      test
    </h1>
    <h2
      class="community-subscribers"
    >
      Subscribers 
      3000
    </h2>
    <div
      class="buttons-container"
    >
      <button
        class="button"
      >
        Subscribe
      </button>
      <button
        class="button"
      >
        <a
          data-testid="create-post"
          href="/create-post/121d2"
        >
          Create Post
        </a>
      </button>
    </div>
  </div>
</div>
`;
