// Jest Snapshot v1, https://goo.gl/fbAQLP

exports[`<Input /> snapshot 1`] = `
<div>
  <input
    class="input"
    name="test"
    placeholder="Test Placeholder"
    type="text"
    value="test"
  />
</div>
`;
